Archive member included to satisfy reference by file (symbol)

c:/devkitpro/devkitarm/bin/../lib/gcc/arm-none-eabi/9.1.0/thumb\libgcc.a(_arm_mulsf3.o)
                              gba_math.o (__aeabi_fmul)
c:/devkitpro/devkitarm/bin/../lib/gcc/arm-none-eabi/9.1.0/thumb\libgcc.a(_divsi3.o)
                              gba_math.o (__aeabi_idiv)
c:/devkitpro/devkitarm/bin/../lib/gcc/arm-none-eabi/9.1.0/thumb\libgcc.a(_dvmd_tls.o)
                              c:/devkitpro/devkitarm/bin/../lib/gcc/arm-none-eabi/9.1.0/thumb\libgcc.a(_divsi3.o) (__aeabi_idiv0)
c:/devkitpro/devkitarm/bin/../lib/gcc/arm-none-eabi/9.1.0/thumb\libgcc.a(_arm_addsubsf3.o)
                              gba_math.o (__aeabi_i2f)
c:/devkitpro/devkitarm/bin/../lib/gcc/arm-none-eabi/9.1.0/thumb\libgcc.a(_arm_muldivsf3.o)
                              gba_math.o (__aeabi_fdiv)
c:/devkitpro/devkitarm/bin/../lib/gcc/arm-none-eabi/9.1.0/thumb\libgcc.a(_arm_fixsfsi.o)
                              gba_math.o (__aeabi_f2iz)
c:/devkitpro/devkitarm/bin/../lib/gcc/arm-none-eabi/9.1.0/../../../../arm-none-eabi/lib/thumb\libg.a(lib_a-init.o)
                              c:/devkitpro/devkitarm/bin/../lib/gcc/arm-none-eabi/9.1.0/../../../../arm-none-eabi/lib/thumb/gba_crt0.o (__libc_init_array)
c:/devkitpro/devkitarm/bin/../lib/gcc/arm-none-eabi/9.1.0/../../../../arm-none-eabi/lib/thumb\libg.a(lib_a-memcpy-stub.o)
                              main.o (memcpy)
c:/devkitpro/devkitarm/bin/../lib/gcc/arm-none-eabi/9.1.0/../../../../arm-none-eabi/lib/thumb\libsysbase.a(malloc_vars.o)
                              c:/devkitpro/devkitarm/bin/../lib/gcc/arm-none-eabi/9.1.0/../../../../arm-none-eabi/lib/thumb/gba_crt0.o (fake_heap_end)

Discarded input sections

 .text          0x0000000000000000        0x0 c:/devkitpro/devkitarm/bin/../lib/gcc/arm-none-eabi/9.1.0/../../../../arm-none-eabi/lib/thumb/gba_crt0.o
 .data          0x0000000000000000        0x0 c:/devkitpro/devkitarm/bin/../lib/gcc/arm-none-eabi/9.1.0/../../../../arm-none-eabi/lib/thumb/gba_crt0.o
 .bss           0x0000000000000000        0x0 c:/devkitpro/devkitarm/bin/../lib/gcc/arm-none-eabi/9.1.0/../../../../arm-none-eabi/lib/thumb/gba_crt0.o
 .text          0x0000000000000000        0x0 c:/devkitpro/devkitarm/bin/../lib/gcc/arm-none-eabi/9.1.0/thumb/crti.o
 .data          0x0000000000000000        0x0 c:/devkitpro/devkitarm/bin/../lib/gcc/arm-none-eabi/9.1.0/thumb/crti.o
 .bss           0x0000000000000000        0x0 c:/devkitpro/devkitarm/bin/../lib/gcc/arm-none-eabi/9.1.0/thumb/crti.o
 .text          0x0000000000000000        0x0 c:/devkitpro/devkitarm/bin/../lib/gcc/arm-none-eabi/9.1.0/thumb/crtbegin.o
 .data          0x0000000000000000        0x0 c:/devkitpro/devkitarm/bin/../lib/gcc/arm-none-eabi/9.1.0/thumb/crtbegin.o
 .bss           0x0000000000000000        0x0 c:/devkitpro/devkitarm/bin/../lib/gcc/arm-none-eabi/9.1.0/thumb/crtbegin.o
 .data.__dso_handle
                0x0000000000000000        0x4 c:/devkitpro/devkitarm/bin/../lib/gcc/arm-none-eabi/9.1.0/thumb/crtbegin.o
 .text          0x0000000000000000      0x222 gba_drawing.o
 .data          0x0000000000000000        0x0 gba_drawing.o
 .bss           0x0000000000000000        0x0 gba_drawing.o
 .debug_info    0x0000000000000000      0x2e8 gba_drawing.o
 .debug_abbrev  0x0000000000000000       0xe0 gba_drawing.o
 .debug_loc     0x0000000000000000       0xaa gba_drawing.o
 .debug_aranges
                0x0000000000000000       0x20 gba_drawing.o
 .debug_line    0x0000000000000000      0x262 gba_drawing.o
 .debug_str     0x0000000000000000      0x223 gba_drawing.o
 .comment       0x0000000000000000       0x23 gba_drawing.o
 .debug_frame   0x0000000000000000       0x70 gba_drawing.o
 .data          0x0000000000000000        0x0 gba_math.o
 .bss           0x0000000000000000        0x0 gba_math.o
 .data          0x0000000000000000        0x0 gba_bios.o
 .data          0x0000000000000000        0x0 main.o
 .bss           0x0000000000000000        0x0 main.o
 .text          0x0000000000000000      0x23c gba_timers.o
 .data          0x0000000000000000        0x0 gba_timers.o
 .bss           0x0000000000000000        0x0 gba_timers.o
 .debug_info    0x0000000000000000      0x291 gba_timers.o
 .debug_abbrev  0x0000000000000000      0x107 gba_timers.o
 .debug_loc     0x0000000000000000      0x118 gba_timers.o
 .debug_aranges
                0x0000000000000000       0x20 gba_timers.o
 .debug_line    0x0000000000000000      0x1a5 gba_timers.o
 .debug_str     0x0000000000000000      0x21b gba_timers.o
 .comment       0x0000000000000000       0x23 gba_timers.o
 .debug_frame   0x0000000000000000       0xb4 gba_timers.o
 .text          0x0000000000000000       0xd4 gba_mathUtil.o
 .data          0x0000000000000000        0x4 gba_mathUtil.o
 .bss           0x0000000000000000        0x0 gba_mathUtil.o
 .debug_info    0x0000000000000000      0x1ab gba_mathUtil.o
 .debug_abbrev  0x0000000000000000      0x12d gba_mathUtil.o
 .debug_loc     0x0000000000000000      0x10c gba_mathUtil.o
 .debug_aranges
                0x0000000000000000       0x20 gba_mathUtil.o
 .debug_line    0x0000000000000000      0x1a2 gba_mathUtil.o
 .debug_str     0x0000000000000000      0x1b1 gba_mathUtil.o
 .comment       0x0000000000000000       0x23 gba_mathUtil.o
 .debug_frame   0x0000000000000000       0xac gba_mathUtil.o
 .data          0x0000000000000000        0x0 gba_map.o
 .bss           0x0000000000000000        0x0 gba_map.o
 .text          0x0000000000000000        0x0 gba_input.o
 .data          0x0000000000000000        0x0 gba_input.o
 .bss           0x0000000000000000      0x400 gba_gfx.o
 .rodata        0x0000000000000000        0x4 gba_gfx.o
 .text          0x0000000000000000        0x0 BG_Collisions.o
 .data          0x0000000000000000        0x0 BG_Collisions.o
 .bss           0x0000000000000000        0x0 BG_Collisions.o
 .rodata        0x0000000000000000     0x1000 BG_Collisions.o
 .debug_info    0x0000000000000000      0x114 BG_Collisions.o
 .debug_abbrev  0x0000000000000000       0x88 BG_Collisions.o
 .debug_aranges
                0x0000000000000000       0x18 BG_Collisions.o
 .debug_line    0x0000000000000000      0x136 BG_Collisions.o
 .debug_str     0x0000000000000000      0x18f BG_Collisions.o
 .comment       0x0000000000000000       0x23 BG_Collisions.o
 .text          0x0000000000000000        0x0 sinlut.o
 .data          0x0000000000000000        0x0 sinlut.o
 .bss           0x0000000000000000        0x0 sinlut.o
 .text          0x0000000000000000        0x0 BG_Maps.o
 .data          0x0000000000000000        0x0 BG_Maps.o
 .bss           0x0000000000000000        0x0 BG_Maps.o
 .text          0x0000000000000000        0x0 BG_Palette.o
 .data          0x0000000000000000        0x0 BG_Palette.o
 .bss           0x0000000000000000        0x0 BG_Palette.o
 .text          0x0000000000000000        0x0 BG_Tiles.o
 .data          0x0000000000000000        0x0 BG_Tiles.o
 .bss           0x0000000000000000        0x0 BG_Tiles.o
 .text          0x0000000000000000      0x198 c:/devkitpro/devkitarm/bin/../lib/gcc/arm-none-eabi/9.1.0/thumb\libgcc.a(_arm_mulsf3.o)
 .data          0x0000000000000000        0x0 c:/devkitpro/devkitarm/bin/../lib/gcc/arm-none-eabi/9.1.0/thumb\libgcc.a(_arm_mulsf3.o)
 .bss           0x0000000000000000        0x0 c:/devkitpro/devkitarm/bin/../lib/gcc/arm-none-eabi/9.1.0/thumb\libgcc.a(_arm_mulsf3.o)
 .data          0x0000000000000000        0x0 c:/devkitpro/devkitarm/bin/../lib/gcc/arm-none-eabi/9.1.0/thumb\libgcc.a(_divsi3.o)
 .bss           0x0000000000000000        0x0 c:/devkitpro/devkitarm/bin/../lib/gcc/arm-none-eabi/9.1.0/thumb\libgcc.a(_divsi3.o)
 .data          0x0000000000000000        0x0 c:/devkitpro/devkitarm/bin/../lib/gcc/arm-none-eabi/9.1.0/thumb\libgcc.a(_dvmd_tls.o)
 .bss           0x0000000000000000        0x0 c:/devkitpro/devkitarm/bin/../lib/gcc/arm-none-eabi/9.1.0/thumb\libgcc.a(_dvmd_tls.o)
 .data          0x0000000000000000        0x0 c:/devkitpro/devkitarm/bin/../lib/gcc/arm-none-eabi/9.1.0/thumb\libgcc.a(_arm_addsubsf3.o)
 .bss           0x0000000000000000        0x0 c:/devkitpro/devkitarm/bin/../lib/gcc/arm-none-eabi/9.1.0/thumb\libgcc.a(_arm_addsubsf3.o)
 .data          0x0000000000000000        0x0 c:/devkitpro/devkitarm/bin/../lib/gcc/arm-none-eabi/9.1.0/thumb\libgcc.a(_arm_muldivsf3.o)
 .bss           0x0000000000000000        0x0 c:/devkitpro/devkitarm/bin/../lib/gcc/arm-none-eabi/9.1.0/thumb\libgcc.a(_arm_muldivsf3.o)
 .data          0x0000000000000000        0x0 c:/devkitpro/devkitarm/bin/../lib/gcc/arm-none-eabi/9.1.0/thumb\libgcc.a(_arm_fixsfsi.o)
 .bss           0x0000000000000000        0x0 c:/devkitpro/devkitarm/bin/../lib/gcc/arm-none-eabi/9.1.0/thumb\libgcc.a(_arm_fixsfsi.o)
 .text          0x0000000000000000        0x0 c:/devkitpro/devkitarm/bin/../lib/gcc/arm-none-eabi/9.1.0/../../../../arm-none-eabi/lib/thumb\libg.a(lib_a-init.o)
 .data          0x0000000000000000        0x0 c:/devkitpro/devkitarm/bin/../lib/gcc/arm-none-eabi/9.1.0/../../../../arm-none-eabi/lib/thumb\libg.a(lib_a-init.o)
 .bss           0x0000000000000000        0x0 c:/devkitpro/devkitarm/bin/../lib/gcc/arm-none-eabi/9.1.0/../../../../arm-none-eabi/lib/thumb\libg.a(lib_a-init.o)
 .text          0x0000000000000000        0x0 c:/devkitpro/devkitarm/bin/../lib/gcc/arm-none-eabi/9.1.0/../../../../arm-none-eabi/lib/thumb\libg.a(lib_a-memcpy-stub.o)
 .data          0x0000000000000000        0x0 c:/devkitpro/devkitarm/bin/../lib/gcc/arm-none-eabi/9.1.0/../../../../arm-none-eabi/lib/thumb\libg.a(lib_a-memcpy-stub.o)
 .bss           0x0000000000000000        0x0 c:/devkitpro/devkitarm/bin/../lib/gcc/arm-none-eabi/9.1.0/../../../../arm-none-eabi/lib/thumb\libg.a(lib_a-memcpy-stub.o)
 .text          0x0000000000000000        0x0 c:/devkitpro/devkitarm/bin/../lib/gcc/arm-none-eabi/9.1.0/../../../../arm-none-eabi/lib/thumb\libsysbase.a(malloc_vars.o)
 .data          0x0000000000000000        0x0 c:/devkitpro/devkitarm/bin/../lib/gcc/arm-none-eabi/9.1.0/../../../../arm-none-eabi/lib/thumb\libsysbase.a(malloc_vars.o)
 .bss           0x0000000000000000        0x0 c:/devkitpro/devkitarm/bin/../lib/gcc/arm-none-eabi/9.1.0/../../../../arm-none-eabi/lib/thumb\libsysbase.a(malloc_vars.o)
 .bss.fake_heap_start
                0x0000000000000000        0x4 c:/devkitpro/devkitarm/bin/../lib/gcc/arm-none-eabi/9.1.0/../../../../arm-none-eabi/lib/thumb\libsysbase.a(malloc_vars.o)
 .text          0x0000000000000000        0x0 c:/devkitpro/devkitarm/bin/../lib/gcc/arm-none-eabi/9.1.0/thumb/crtend.o
 .data          0x0000000000000000        0x0 c:/devkitpro/devkitarm/bin/../lib/gcc/arm-none-eabi/9.1.0/thumb/crtend.o
 .bss           0x0000000000000000        0x0 c:/devkitpro/devkitarm/bin/../lib/gcc/arm-none-eabi/9.1.0/thumb/crtend.o
 .text          0x0000000000000000        0x0 c:/devkitpro/devkitarm/bin/../lib/gcc/arm-none-eabi/9.1.0/thumb/crtn.o
 .data          0x0000000000000000        0x0 c:/devkitpro/devkitarm/bin/../lib/gcc/arm-none-eabi/9.1.0/thumb/crtn.o
 .bss           0x0000000000000000        0x0 c:/devkitpro/devkitarm/bin/../lib/gcc/arm-none-eabi/9.1.0/thumb/crtn.o

Memory Configuration

Name             Origin             Length             Attributes
rom              0x0000000008000000 0x0000000002000000
iwram            0x0000000003000000 0x0000000000008000
ewram            0x0000000002000000 0x0000000000040000
*default*        0x0000000000000000 0xffffffffffffffff

Linker script and memory map

                0x0000000008000000                __text_start = ORIGIN (rom)
                0x0000000002040000                __eheap_end = (ORIGIN (ewram) + LENGTH (ewram))
                0x0000000003000000                __iwram_start = ORIGIN (iwram)
                0x0000000003008000                __iwram_top = (ORIGIN (iwram) + LENGTH (iwram))
                0x0000000003007fa0                __sp_irq = (__iwram_top - 0x60)
                0x0000000003007f00                __sp_usr = (__sp_irq - 0xa0)
                0x0000000003007ff8                __irq_flags = 0x3007ff8
                0x0000000008000000                . = __text_start

.crt0           0x0000000008000000      0x210
 *(.crt0)
 .crt0          0x0000000008000000      0x210 c:/devkitpro/devkitarm/bin/../lib/gcc/arm-none-eabi/9.1.0/../../../../arm-none-eabi/lib/thumb/gba_crt0.o
                0x0000000008000000                _start
                0x00000000080000c4                __boot_method
                0x00000000080000c5                __slave_number
                0x00000000080000e0                start_vector
                0x0000000008000210                . = ALIGN (0x4)

.init           0x0000000008000210        0xc
 *(SORT_NONE(.init))
 .init          0x0000000008000210        0x4 c:/devkitpro/devkitarm/bin/../lib/gcc/arm-none-eabi/9.1.0/thumb/crti.o
                0x0000000008000210                _init
 .init          0x0000000008000214        0x8 c:/devkitpro/devkitarm/bin/../lib/gcc/arm-none-eabi/9.1.0/thumb/crtn.o

.plt            0x000000000800021c        0x0
 *(.plt)
                0x000000000800021c                . = ALIGN (0x4)

.text           0x0000000008000220     0x13f0
 *(EXCLUDE_FILE(*.iwram*) .text*)
 .text.deregister_tm_clones
                0x0000000008000220       0x2c c:/devkitpro/devkitarm/bin/../lib/gcc/arm-none-eabi/9.1.0/thumb/crtbegin.o
 .text.register_tm_clones
                0x000000000800024c       0x34 c:/devkitpro/devkitarm/bin/../lib/gcc/arm-none-eabi/9.1.0/thumb/crtbegin.o
 .text.__do_global_dtors_aux
                0x0000000008000280       0x30 c:/devkitpro/devkitarm/bin/../lib/gcc/arm-none-eabi/9.1.0/thumb/crtbegin.o
 .text.frame_dummy
                0x00000000080002b0       0x28 c:/devkitpro/devkitarm/bin/../lib/gcc/arm-none-eabi/9.1.0/thumb/crtbegin.o
 .text          0x00000000080002d8      0x188 gba_math.o
                0x00000000080002d8                int2fix
                0x00000000080002f0                float2fix
                0x0000000008000318                fix2uint
                0x0000000008000330                fix2ufrac
                0x000000000800034a                fix2int
                0x0000000008000368                fix2float
                0x0000000008000390                fixAdd
                0x00000000080003ac                fiSub
                0x00000000080003c8                fixMul
                0x00000000080003ec                fixDiv
                0x0000000008000410                lu_sin
                0x0000000008000438                lu_cos
 .text          0x0000000008000460       0xd4 gba_bios.o
                0x0000000008000460                vblank_intr_wait
                0x0000000008000470                interruptHandler
                0x00000000080004d8                register_vblank_isr
 .text          0x0000000008000534      0x1ac main.o
                0x00000000080005fc                main
 .text          0x00000000080006e0       0xcc gba_map.o
                0x00000000080006e0                copy64x32MapIntoMemory
 .text          0x00000000080007ac      0x5e0 gba_gfx.o
                0x00000000080007ac                page_flip
                0x00000000080007e4                getBGTileBlock
                0x000000000800080e                sprite_tile_address
                0x000000000800083c                getBGMapBlock
                0x0000000008000866                setBGControlRegister
                0x0000000008000944                SetSpriteObjectAttrib0
                0x0000000008000a04                SetSpriteObjectAttrib1
                0x0000000008000a70                SetSpriteObjectAttrib2
                0x0000000008000adc                SetAttrib1AffineIndex
                0x0000000008000b2c                SetSpriteObjectPosition
                0x0000000008000b9c                HideSpriteObject
                0x0000000008000bd4                UnhideSpriteObject
                0x0000000008000c24                oam_init
                0x0000000008000c8a                oam_copy
                0x0000000008000cde                obj_aff_identity
                0x0000000008000d10                obj_aff_rotscale
 .text          0x0000000008000d8c      0x150 c:/devkitpro/devkitarm/bin/../lib/gcc/arm-none-eabi/9.1.0/thumb\libgcc.a(_divsi3.o)
                0x0000000008000d8c                __divsi3
                0x0000000008000d8c                __aeabi_idiv
                0x0000000008000ebc                __aeabi_idivmod
 .text          0x0000000008000edc        0x4 c:/devkitpro/devkitarm/bin/../lib/gcc/arm-none-eabi/9.1.0/thumb\libgcc.a(_dvmd_tls.o)
                0x0000000008000edc                __aeabi_idiv0
                0x0000000008000edc                __aeabi_ldiv0
 .text          0x0000000008000ee0      0x2ac c:/devkitpro/devkitarm/bin/../lib/gcc/arm-none-eabi/9.1.0/thumb\libgcc.a(_arm_addsubsf3.o)
                0x0000000008000ee0                __aeabi_frsub
                0x0000000008000ee8                __subsf3
                0x0000000008000ee8                __aeabi_fsub
                0x0000000008000eec                __aeabi_fadd
                0x0000000008000eec                __addsf3
                0x00000000080010a8                __aeabi_ui2f
                0x00000000080010a8                __floatunsisf
                0x00000000080010b0                __aeabi_i2f
                0x00000000080010b0                __floatsisf
                0x00000000080010d0                __aeabi_ul2f
                0x00000000080010d0                __floatundisf
                0x00000000080010e0                __aeabi_l2f
                0x00000000080010e0                __floatdisf
 .text          0x000000000800118c      0x2f8 c:/devkitpro/devkitarm/bin/../lib/gcc/arm-none-eabi/9.1.0/thumb\libgcc.a(_arm_muldivsf3.o)
                0x000000000800118c                __mulsf3
                0x000000000800118c                __aeabi_fmul
                0x0000000008001324                __aeabi_fdiv
                0x0000000008001324                __divsf3
 .text          0x0000000008001484       0x5c c:/devkitpro/devkitarm/bin/../lib/gcc/arm-none-eabi/9.1.0/thumb\libgcc.a(_arm_fixsfsi.o)
                0x0000000008001484                __aeabi_f2iz
                0x0000000008001484                __fixsfsi
 .text.__libc_init_array
                0x00000000080014e0       0x50 c:/devkitpro/devkitarm/bin/../lib/gcc/arm-none-eabi/9.1.0/../../../../arm-none-eabi/lib/thumb\libg.a(lib_a-init.o)
                0x00000000080014e0                __libc_init_array
 .text.memcpy   0x0000000008001530       0xa8 c:/devkitpro/devkitarm/bin/../lib/gcc/arm-none-eabi/9.1.0/../../../../arm-none-eabi/lib/thumb\libg.a(lib_a-memcpy-stub.o)
                0x0000000008001530                memcpy
 .text.memcpy.__stub
                0x00000000080015d8       0x34 linker stubs
 *(.gnu.linkonce.t.*)
 *(.text.*personality*)
 *(.gnu.warning)
 *(.glue_7t)
 .glue_7t       0x0000000008001610        0x0 linker stubs
 *(.glue_7)
 .glue_7        0x0000000008001610        0x0 linker stubs
 *(.vfp11_veneer)
 .vfp11_veneer  0x0000000008001610        0x0 linker stubs
                0x0000000008001610                . = ALIGN (0x4)
                0x0000000008001610                __text_end = .

.v4_bx          0x0000000008001610        0x0
 .v4_bx         0x0000000008001610        0x0 linker stubs

.iplt           0x0000000008001610        0x0
 .iplt          0x0000000008001610        0x0 c:/devkitpro/devkitarm/bin/../lib/gcc/arm-none-eabi/9.1.0/../../../../arm-none-eabi/lib/thumb/gba_crt0.o

.fini           0x0000000008001610        0xc
 *(.fini)
 .fini          0x0000000008001610        0x4 c:/devkitpro/devkitarm/bin/../lib/gcc/arm-none-eabi/9.1.0/thumb/crti.o
                0x0000000008001610                _fini
 .fini          0x0000000008001614        0x8 c:/devkitpro/devkitarm/bin/../lib/gcc/arm-none-eabi/9.1.0/thumb/crtn.o
                0x000000000800161c                . = ALIGN (0x4)

.rodata         0x000000000800161c     0x1d60
 *(.rodata)
 .rodata        0x000000000800161c      0x400 sinlut.o
                0x000000000800161c                sin_lut
 .rodata        0x0000000008001a1c     0x1000 BG_Maps.o
                0x0000000008001a1c                bgMapLayer0
 .rodata        0x0000000008002a1c      0x200 BG_Palette.o
                0x0000000008002a1c                bgPalette
 .rodata        0x0000000008002c1c      0x760 BG_Tiles.o
                0x0000000008002c1c                bgTiles
 *all.rodata*(*)
 *(.roda)
 *(.rodata.*)
 *(.gnu.linkonce.r*)
                0x000000000800337c                . = ALIGN (0x4)

.ARM.extab
 *(.ARM.extab* .gnu.linkonce.armextab.*)
                0x000000000800337c                __exidx_start = .

.ARM.exidx
 *(.ARM.exidx* .gnu.linkonce.armexidx.*)
                0x000000000800337c                __exidx_end = .

.ctors          0x000000000800337c        0x0
 *crtbegin.o(.ctors)
 *(EXCLUDE_FILE(*crtend.o) .ctors)
 *(SORT_BY_NAME(.ctors.*))
 *(.ctors)
                0x000000000800337c                . = ALIGN (0x4)

.dtors          0x000000000800337c        0x0
 *crtbegin.o(.dtors)
 *(EXCLUDE_FILE(*crtend.o) .dtors)
 *(SORT_BY_NAME(.dtors.*))
 *(.dtors)
                0x000000000800337c                . = ALIGN (0x4)

.eh_frame       0x000000000800337c        0x4
 *(.eh_frame)
 .eh_frame      0x000000000800337c        0x0 c:/devkitpro/devkitarm/bin/../lib/gcc/arm-none-eabi/9.1.0/thumb/crtbegin.o
 .eh_frame      0x000000000800337c        0x4 c:/devkitpro/devkitarm/bin/../lib/gcc/arm-none-eabi/9.1.0/thumb/crtend.o
                0x0000000008003380                . = ALIGN (0x4)

.rel.dyn        0x0000000008003380        0x0
 .rel.iplt      0x0000000008003380        0x0 c:/devkitpro/devkitarm/bin/../lib/gcc/arm-none-eabi/9.1.0/../../../../arm-none-eabi/lib/thumb/gba_crt0.o

.gcc_except_table
                0x0000000008003380        0x0
 *(.gcc_except_table)
                0x0000000008003380                . = ALIGN (0x4)
                0x0000000008003380                __iwram_lma = .

.iwram          0x0000000003000000        0x0 load address 0x0000000008003380
                0x0000000003000000                __iwram_start__ = ABSOLUTE (.)
 *(.iwram .iwram*)
 *iwram.*(.text* .data*)
                0x0000000003000000                . = ALIGN (0x4)
                0x0000000003000000                __iwram_end__ = ABSOLUTE (.)
                0x0000000008003380                __data_lma = (__iwram_lma + SIZEOF (.iwram))

.bss            0x0000000003000000       0x28
                0x0000000003000000                __bss_start = ABSOLUTE (.)
                0x0000000003000000                __bss_start__ = ABSOLUTE (.)
 *(.dynbss)
 *(.gnu.linkonce.b*)
 *(.bss*)
 .bss.completed.9071
                0x0000000003000000        0x1 c:/devkitpro/devkitarm/bin/../lib/gcc/arm-none-eabi/9.1.0/thumb/crtbegin.o
 *fill*         0x0000000003000001        0x3 
 .bss.object.9076
                0x0000000003000004       0x18 c:/devkitpro/devkitarm/bin/../lib/gcc/arm-none-eabi/9.1.0/thumb/crtbegin.o
 .bss           0x000000000300001c        0x4 gba_bios.o
                0x000000000300001c                vblank_Counter
 .bss           0x0000000003000020        0x4 gba_input.o
                0x0000000003000020                __currKeys
                0x0000000003000022                __prevKeys
 .bss.fake_heap_end
                0x0000000003000024        0x4 c:/devkitpro/devkitarm/bin/../lib/gcc/arm-none-eabi/9.1.0/../../../../arm-none-eabi/lib/thumb\libsysbase.a(malloc_vars.o)
                0x0000000003000024                fake_heap_end
 *(COMMON)
                0x0000000003000028                . = ALIGN (0x4)
                0x0000000003000028                __bss_end__ = ABSOLUTE (.)

.data           0x0000000003000028        0x4 load address 0x0000000008003380
                0x0000000003000028                __data_start__ = ABSOLUTE (.)
 *(.data*)
 .data          0x0000000003000028        0x4 gba_gfx.o
                0x0000000003000028                vid_page
 *(.gnu.linkonce.d*)
                0x000000000300002c                . = ALIGN (0x4)
                0x0000000008003384                __preinit_lma = (__data_lma + SIZEOF (.data))

.igot.plt       0x000000000300002c        0x0 load address 0x0000000008003384
 .igot.plt      0x000000000300002c        0x0 c:/devkitpro/devkitarm/bin/../lib/gcc/arm-none-eabi/9.1.0/../../../../arm-none-eabi/lib/thumb/gba_crt0.o

.tm_clone_table
                0x000000000300002c        0x0 load address 0x0000000008003384
 .tm_clone_table
                0x000000000300002c        0x0 c:/devkitpro/devkitarm/bin/../lib/gcc/arm-none-eabi/9.1.0/thumb/crtbegin.o
 .tm_clone_table
                0x000000000300002c        0x0 c:/devkitpro/devkitarm/bin/../lib/gcc/arm-none-eabi/9.1.0/thumb/crtend.o

.preinit_array  0x000000000300002c        0x0 load address 0x0000000008003384
                0x000000000300002c                __preinit_array_start = ABSOLUTE (.)
 *(.preinit_array)
                0x000000000300002c                __preinit_array_end = ABSOLUTE (.)
                0x0000000008003384                __init_lma = (__preinit_lma + SIZEOF (.preinit_array))

.init_array     0x000000000300002c        0x4 load address 0x0000000008003384
                0x000000000300002c                __init_array_start = ABSOLUTE (.)
 *(SORT_BY_NAME(.init_array.*))
 *(.init_array)
 .init_array    0x000000000300002c        0x4 c:/devkitpro/devkitarm/bin/../lib/gcc/arm-none-eabi/9.1.0/thumb/crtbegin.o
                0x0000000003000030                __init_array_end = ABSOLUTE (.)
                0x0000000008003388                __fini_lma = (__init_lma + SIZEOF (.init_array))

.fini_array     0x0000000003000030        0x4 load address 0x0000000008003388
                0x0000000003000030                __fini_array_start = ABSOLUTE (.)
 *(SORT_BY_NAME(.fini_array.*))
 *(.fini_array)
 .fini_array    0x0000000003000030        0x4 c:/devkitpro/devkitarm/bin/../lib/gcc/arm-none-eabi/9.1.0/thumb/crtbegin.o
                0x0000000003000034                __fini_array_end = ABSOLUTE (.)
                0x000000000800338c                __jcr_lma = (__fini_lma + SIZEOF (.fini_array))

.jcr            0x0000000003000034        0x0 load address 0x000000000800338c
 *(.jcr)
                0x0000000003000034                __data_end__ = ABSOLUTE (.)
                0x000000000800338c                __iwram_overlay_lma = (__jcr_lma + SIZEOF (.jcr))
                0x0000000003000034                __iwram_overlay_start = .

.iwram0         0x0000000003000034        0x0 load address 0x000000000800338c
 *(.iwram0)
                0x0000000003000034                . = ALIGN (0x4)
                0x000000000800338c                PROVIDE (__load_start_iwram0 = LOADADDR (.iwram0))
                0x000000000800338c                PROVIDE (__load_stop_iwram0 = (LOADADDR (.iwram0) + SIZEOF (.iwram0)))

.iwram1         0x0000000003000034        0x0
 *(.iwram1)
                0x0000000003000034                . = ALIGN (0x4)
                [!provide]                        PROVIDE (__load_start_iwram1 = LOADADDR (.iwram1))
                [!provide]                        PROVIDE (__load_stop_iwram1 = (LOADADDR (.iwram1) + SIZEOF (.iwram1)))

.iwram2         0x0000000003000034        0x0
 *(.iwram2)
                0x0000000003000034                . = ALIGN (0x4)
                [!provide]                        PROVIDE (__load_start_iwram2 = LOADADDR (.iwram2))
                [!provide]                        PROVIDE (__load_stop_iwram2 = (LOADADDR (.iwram2) + SIZEOF (.iwram2)))

.iwram3         0x0000000003000034        0x0
 *(.iwram3)
                0x0000000003000034                . = ALIGN (0x4)
                [!provide]                        PROVIDE (__load_start_iwram3 = LOADADDR (.iwram3))
                [!provide]                        PROVIDE (__load_stop_iwram3 = (LOADADDR (.iwram3) + SIZEOF (.iwram3)))

.iwram4         0x0000000003000034        0x0
 *(.iwram4)
                0x0000000003000034                . = ALIGN (0x4)
                [!provide]                        PROVIDE (__load_start_iwram4 = LOADADDR (.iwram4))
                [!provide]                        PROVIDE (__load_stop_iwram4 = (LOADADDR (.iwram4) + SIZEOF (.iwram4)))

.iwram5         0x0000000003000034        0x0
 *(.iwram5)
                0x0000000003000034                . = ALIGN (0x4)
                [!provide]                        PROVIDE (__load_start_iwram5 = LOADADDR (.iwram5))
                [!provide]                        PROVIDE (__load_stop_iwram5 = (LOADADDR (.iwram5) + SIZEOF (.iwram5)))

.iwram6         0x0000000003000034        0x0
 *(.iwram6)
                0x0000000003000034                . = ALIGN (0x4)
                [!provide]                        PROVIDE (__load_start_iwram6 = LOADADDR (.iwram6))
                [!provide]                        PROVIDE (__load_stop_iwram6 = (LOADADDR (.iwram6) + SIZEOF (.iwram6)))

.iwram7         0x0000000003000034        0x0
 *(.iwram7)
                0x0000000003000034                . = ALIGN (0x4)
                [!provide]                        PROVIDE (__load_start_iwram7 = LOADADDR (.iwram7))
                [!provide]                        PROVIDE (__load_stop_iwram7 = (LOADADDR (.iwram7) + SIZEOF (.iwram7)))

.iwram8         0x0000000003000034        0x0
 *(.iwram8)
                0x0000000003000034                . = ALIGN (0x4)
                [!provide]                        PROVIDE (__load_start_iwram8 = LOADADDR (.iwram8))
                [!provide]                        PROVIDE (__load_stop_iwram8 = (LOADADDR (.iwram8) + SIZEOF (.iwram8)))

.iwram9         0x0000000003000034        0x0
 *(.iwram9)
                0x0000000003000034                . = ALIGN (0x4)
                [!provide]                        PROVIDE (__load_start_iwram9 = LOADADDR (.iwram9))
                [!provide]                        PROVIDE (__load_stop_iwram9 = (LOADADDR (.iwram9) + SIZEOF (.iwram9)))
                0x0000000003000034                __iwram_overlay_end = .
                0x000000000800338c                __ewram_lma = (__iwram_overlay_lma + (__iwram_overlay_end - __iwram_overlay_start))
                0x0000000003000034                __iheap_start = .
                0x0000000002000000                __ewram_start = ORIGIN (ewram)

.ewram          0x0000000002000000        0x0 load address 0x000000000800338c
 *(.ewram*)
                0x0000000002000000                . = ALIGN (0x4)
                0x0000000002000000                __ewram_end = ABSOLUTE (.)
                0x000000000800338c                __pad_lma = (__ewram_lma + SIZEOF (.ewram))

.sbss           0x0000000002000000        0x0
                0x0000000002000000                __sbss_start__ = ABSOLUTE (.)
 *(.sbss*)
                0x0000000002000000                . = ALIGN (0x4)
                0x0000000002000000                __sbss_end__ = ABSOLUTE (.)
                0x0000000002000000                __end__ = ABSOLUTE (.)
                0x0000000002000000                __eheap_start = ABSOLUTE (.)

.pad            0x0000000002000000        0x8 load address 0x000000000800338c
                0x0000000002000000        0x4 LONG 0x52416b64
                0x0000000002000004        0x4 LONG 0x4d
                0x0000000002000008                . = ALIGN (0x4)
                0x0000000008003394                __rom_end__ = (__pad_lma + SIZEOF (.pad))

.stab
 *(.stab)

.stabstr
 *(.stabstr)

.stab.excl
 *(.stab.excl)

.stab.exclstr
 *(.stab.exclstr)

.stab.index
 *(.stab.index)

.stab.indexstr
 *(.stab.indexstr)

.comment        0x0000000000000000       0x22
 *(.comment)
 .comment       0x0000000000000000       0x22 c:/devkitpro/devkitarm/bin/../lib/gcc/arm-none-eabi/9.1.0/thumb/crtbegin.o
                                         0x23 (size before relaxing)
 .comment       0x0000000000000022       0x23 gba_math.o
 .comment       0x0000000000000022       0x23 gba_bios.o
 .comment       0x0000000000000022       0x23 main.o
 .comment       0x0000000000000022       0x23 gba_map.o
 .comment       0x0000000000000022       0x23 gba_input.o
 .comment       0x0000000000000022       0x23 gba_gfx.o
 .comment       0x0000000000000022       0x23 sinlut.o
 .comment       0x0000000000000022       0x23 BG_Maps.o
 .comment       0x0000000000000022       0x23 BG_Palette.o
 .comment       0x0000000000000022       0x23 BG_Tiles.o
 .comment       0x0000000000000022       0x23 c:/devkitpro/devkitarm/bin/../lib/gcc/arm-none-eabi/9.1.0/../../../../arm-none-eabi/lib/thumb\libg.a(lib_a-init.o)
 .comment       0x0000000000000022       0x23 c:/devkitpro/devkitarm/bin/../lib/gcc/arm-none-eabi/9.1.0/../../../../arm-none-eabi/lib/thumb\libg.a(lib_a-memcpy-stub.o)
 .comment       0x0000000000000022       0x23 c:/devkitpro/devkitarm/bin/../lib/gcc/arm-none-eabi/9.1.0/../../../../arm-none-eabi/lib/thumb\libsysbase.a(malloc_vars.o)
 .comment       0x0000000000000022       0x23 c:/devkitpro/devkitarm/bin/../lib/gcc/arm-none-eabi/9.1.0/thumb/crtend.o

.debug
 *(.debug)

.line
 *(.line)

.debug_srcinfo
 *(.debug_srcinfo)

.debug_sfnames
 *(.debug_sfnames)

.debug_aranges  0x0000000000000000      0x118
 *(.debug_aranges)
 .debug_aranges
                0x0000000000000000       0x20 gba_math.o
 .debug_aranges
                0x0000000000000020       0x20 gba_bios.o
 .debug_aranges
                0x0000000000000040       0x20 main.o
 .debug_aranges
                0x0000000000000060       0x20 gba_map.o
 .debug_aranges
                0x0000000000000080       0x18 gba_input.o
 .debug_aranges
                0x0000000000000098       0x20 gba_gfx.o
 .debug_aranges
                0x00000000000000b8       0x18 sinlut.o
 .debug_aranges
                0x00000000000000d0       0x18 BG_Maps.o
 .debug_aranges
                0x00000000000000e8       0x18 BG_Palette.o
 .debug_aranges
                0x0000000000000100       0x18 BG_Tiles.o

.debug_pubnames
 *(.debug_pubnames)

.debug_info     0x0000000000000000     0x226a
 *(.debug_info)
 .debug_info    0x0000000000000000      0x35c gba_math.o
 .debug_info    0x000000000000035c      0x12b gba_bios.o
 .debug_info    0x0000000000000487      0xdfc main.o
 .debug_info    0x0000000000001283      0x3b5 gba_map.o
 .debug_info    0x0000000000001638       0xc0 gba_input.o
 .debug_info    0x00000000000016f8      0x7d3 gba_gfx.o
 .debug_info    0x0000000000001ecb       0x63 sinlut.o
 .debug_info    0x0000000000001f2e      0x114 BG_Maps.o
 .debug_info    0x0000000000002042      0x114 BG_Palette.o
 .debug_info    0x0000000000002156      0x114 BG_Tiles.o

.debug_abbrev   0x0000000000000000      0x94c
 *(.debug_abbrev)
 .debug_abbrev  0x0000000000000000       0xee gba_math.o
 .debug_abbrev  0x00000000000000ee       0x99 gba_bios.o
 .debug_abbrev  0x0000000000000187      0x28c main.o
 .debug_abbrev  0x0000000000000413      0x141 gba_map.o
 .debug_abbrev  0x0000000000000554       0x66 gba_input.o
 .debug_abbrev  0x00000000000005ba      0x1a4 gba_gfx.o
 .debug_abbrev  0x000000000000075e       0x56 sinlut.o
 .debug_abbrev  0x00000000000007b4       0x88 BG_Maps.o
 .debug_abbrev  0x000000000000083c       0x88 BG_Palette.o
 .debug_abbrev  0x00000000000008c4       0x88 BG_Tiles.o

.debug_line     0x0000000000000000     0x1069
 *(.debug_line)
 .debug_line    0x0000000000000000      0x1e3 gba_math.o
 .debug_line    0x00000000000001e3      0x16e gba_bios.o
 .debug_line    0x0000000000000351      0x2da main.o
 .debug_line    0x000000000000062b      0x228 gba_map.o
 .debug_line    0x0000000000000853      0x12e gba_input.o
 .debug_line    0x0000000000000981      0x2ee gba_gfx.o
 .debug_line    0x0000000000000c6f       0x66 sinlut.o
 .debug_line    0x0000000000000cd5      0x130 BG_Maps.o
 .debug_line    0x0000000000000e05      0x133 BG_Palette.o
 .debug_line    0x0000000000000f38      0x131 BG_Tiles.o

.debug_frame    0x0000000000000000      0x4a8
 *(.debug_frame)
 .debug_frame   0x0000000000000000      0x190 gba_math.o
 .debug_frame   0x0000000000000190       0x68 gba_bios.o
 .debug_frame   0x00000000000001f8       0x6c main.o
 .debug_frame   0x0000000000000264       0x30 gba_map.o
 .debug_frame   0x0000000000000294      0x214 gba_gfx.o

.debug_str      0x0000000000000000      0xbb0
 *(.debug_str)
 .debug_str     0x0000000000000000      0x1a8 gba_math.o
                                        0x1f3 (size before relaxing)
 .debug_str     0x00000000000001a8       0x95 gba_bios.o
                                        0x1c2 (size before relaxing)
 .debug_str     0x000000000000023d      0x551 main.o
                                        0x6fe (size before relaxing)
 .debug_str     0x000000000000078e       0x7e gba_map.o
                                        0x2b0 (size before relaxing)
 .debug_str     0x000000000000080c       0x3a gba_input.o
                                        0x174 (size before relaxing)
 .debug_str     0x0000000000000846      0x27b gba_gfx.o
                                        0x468 (size before relaxing)
 .debug_str     0x0000000000000ac1       0x3a sinlut.o
                                         0xe5 (size before relaxing)
 .debug_str     0x0000000000000afb       0x3b BG_Maps.o
                                        0x189 (size before relaxing)
 .debug_str     0x0000000000000b36       0x3e BG_Palette.o
                                        0x18c (size before relaxing)
 .debug_str     0x0000000000000b74       0x3c BG_Tiles.o
                                        0x18a (size before relaxing)

.debug_loc      0x0000000000000000      0x784
 *(.debug_loc)
 .debug_loc     0x0000000000000000      0x2a0 gba_math.o
 .debug_loc     0x00000000000002a0       0x9c gba_bios.o
 .debug_loc     0x000000000000033c       0x9c main.o
 .debug_loc     0x00000000000003d8       0x38 gba_map.o
 .debug_loc     0x0000000000000410      0x374 gba_gfx.o

.debug_macinfo
 *(.debug_macinfo)

.debug_weaknames
 *(.debug_weaknames)

.debug_funcnames
 *(.debug_funcnames)

.debug_typenames
 *(.debug_typenames)

.debug_varnames
 *(.debug_varnames)

.stack          0x0000000000080000        0x0
                0x0000000000080000                _stack = .
 *(.stack)

.note.gnu.arm.ident
 *(.note.gnu.arm.ident)

.ARM.attributes
                0x0000000000000000       0x2c
 *(.ARM.attributes)
 .ARM.attributes
                0x0000000000000000       0x20 c:/devkitpro/devkitarm/bin/../lib/gcc/arm-none-eabi/9.1.0/../../../../arm-none-eabi/lib/thumb/gba_crt0.o
 .ARM.attributes
                0x0000000000000020       0x1c c:/devkitpro/devkitarm/bin/../lib/gcc/arm-none-eabi/9.1.0/thumb/crti.o
 .ARM.attributes
                0x000000000000003c       0x2a c:/devkitpro/devkitarm/bin/../lib/gcc/arm-none-eabi/9.1.0/thumb/crtbegin.o
 .ARM.attributes
                0x0000000000000066       0x2a gba_drawing.o
 .ARM.attributes
                0x0000000000000090       0x2a gba_math.o
 .ARM.attributes
                0x00000000000000ba       0x2a gba_bios.o
 .ARM.attributes
                0x00000000000000e4       0x2a main.o
 .ARM.attributes
                0x000000000000010e       0x2a gba_timers.o
 .ARM.attributes
                0x0000000000000138       0x2a gba_mathUtil.o
 .ARM.attributes
                0x0000000000000162       0x2a gba_map.o
 .ARM.attributes
                0x000000000000018c       0x30 gba_input.o
 .ARM.attributes
                0x00000000000001bc       0x2a gba_gfx.o
 .ARM.attributes
                0x00000000000001e6       0x30 BG_Collisions.o
 .ARM.attributes
                0x0000000000000216       0x30 sinlut.o
 .ARM.attributes
                0x0000000000000246       0x30 BG_Maps.o
 .ARM.attributes
                0x0000000000000276       0x30 BG_Palette.o
 .ARM.attributes
                0x00000000000002a6       0x30 BG_Tiles.o
 .ARM.attributes
                0x00000000000002d6       0x1c c:/devkitpro/devkitarm/bin/../lib/gcc/arm-none-eabi/9.1.0/thumb\libgcc.a(_arm_mulsf3.o)
 .ARM.attributes
                0x00000000000002f2       0x1c c:/devkitpro/devkitarm/bin/../lib/gcc/arm-none-eabi/9.1.0/thumb\libgcc.a(_divsi3.o)
 .ARM.attributes
                0x000000000000030e       0x1c c:/devkitpro/devkitarm/bin/../lib/gcc/arm-none-eabi/9.1.0/thumb\libgcc.a(_dvmd_tls.o)
 .ARM.attributes
                0x000000000000032a       0x1c c:/devkitpro/devkitarm/bin/../lib/gcc/arm-none-eabi/9.1.0/thumb\libgcc.a(_arm_addsubsf3.o)
 .ARM.attributes
                0x0000000000000346       0x1c c:/devkitpro/devkitarm/bin/../lib/gcc/arm-none-eabi/9.1.0/thumb\libgcc.a(_arm_muldivsf3.o)
 .ARM.attributes
                0x0000000000000362       0x1c c:/devkitpro/devkitarm/bin/../lib/gcc/arm-none-eabi/9.1.0/thumb\libgcc.a(_arm_fixsfsi.o)
 .ARM.attributes
                0x000000000000037e       0x2a c:/devkitpro/devkitarm/bin/../lib/gcc/arm-none-eabi/9.1.0/../../../../arm-none-eabi/lib/thumb\libg.a(lib_a-init.o)
 .ARM.attributes
                0x00000000000003a8       0x2a c:/devkitpro/devkitarm/bin/../lib/gcc/arm-none-eabi/9.1.0/../../../../arm-none-eabi/lib/thumb\libg.a(lib_a-memcpy-stub.o)
 .ARM.attributes
                0x00000000000003d2       0x30 c:/devkitpro/devkitarm/bin/../lib/gcc/arm-none-eabi/9.1.0/../../../../arm-none-eabi/lib/thumb\libsysbase.a(malloc_vars.o)
 .ARM.attributes
                0x0000000000000402       0x30 c:/devkitpro/devkitarm/bin/../lib/gcc/arm-none-eabi/9.1.0/thumb/crtend.o
 .ARM.attributes
                0x0000000000000432       0x1c c:/devkitpro/devkitarm/bin/../lib/gcc/arm-none-eabi/9.1.0/thumb/crtn.o

/DISCARD/
 *(.note.GNU-stack)
LOAD c:/devkitpro/devkitarm/bin/../lib/gcc/arm-none-eabi/9.1.0/../../../../arm-none-eabi/lib/thumb/gba_crt0.o
LOAD c:/devkitpro/devkitarm/bin/../lib/gcc/arm-none-eabi/9.1.0/thumb/crti.o
LOAD c:/devkitpro/devkitarm/bin/../lib/gcc/arm-none-eabi/9.1.0/thumb/crtbegin.o
LOAD gba_drawing.o
LOAD gba_math.o
LOAD gba_bios.o
LOAD main.o
LOAD gba_timers.o
LOAD gba_mathUtil.o
LOAD gba_map.o
LOAD gba_input.o
LOAD gba_gfx.o
LOAD BG_Collisions.o
LOAD sinlut.o
LOAD BG_Maps.o
LOAD BG_Palette.o
LOAD BG_Tiles.o
LOAD C:/devkitPro/libgba/lib\libmm.a
LOAD C:/devkitPro/libgba/lib\libgba.a
START GROUP
LOAD c:/devkitpro/devkitarm/bin/../lib/gcc/arm-none-eabi/9.1.0/thumb\libgcc.a
LOAD c:/devkitpro/devkitarm/bin/../lib/gcc/arm-none-eabi/9.1.0/../../../../arm-none-eabi/lib/thumb\libg.a
LOAD c:/devkitpro/devkitarm/bin/../lib/gcc/arm-none-eabi/9.1.0/../../../../arm-none-eabi/lib/thumb\libc.a
LOAD c:/devkitpro/devkitarm/bin/../lib/gcc/arm-none-eabi/9.1.0/../../../../arm-none-eabi/lib/thumb\libsysbase.a
END GROUP
LOAD c:/devkitpro/devkitarm/bin/../lib/gcc/arm-none-eabi/9.1.0/thumb/crtend.o
LOAD c:/devkitpro/devkitarm/bin/../lib/gcc/arm-none-eabi/9.1.0/thumb/crtn.o
OUTPUT(G:/Documents/GBA/GBAFarming/GBAFarming/GBAFarming.elf elf32-littlearm)
